{ "content": { "key1": "value1", "key2": { "key2.1": "value2.1", "key2.1": "value2.1" }, "key3": "value3" }, "at": "Fri Jul  4 13:27:11 PDT 2014", "note": "note content" }
{ "content": { "key1": "value1", "key2": { "key2.1": "value2.1", "key2.1": "value2.1" }, "key3": "value3" }, "at": "Fri Jul  4 13:27:11 PDT 2014", "note": "note content" }
{ "content": { "key1": "value1", "key2": { "key2.1": "value2.1", "key2.1": "value2.1" }, "key3": "value3" }, "at": "Fri Jul  4 13:27:11 PDT 2014", "note": "note content" }
{ "content": { "key1": "value1", "key2": { "key2.1": "value2.1", "key2.1": "value2.1" }, "key3": "value3" }, "at": "Fri Jul  4 13:27:11 PDT 2014", "note": "note content" }
{ "content": { "key1": "value1", "key2": { "key2.1": "value2.1", "key2.1": "value2.1" }, "key3": "value3" }, "at": "Fri Jul  4 13:27:11 PDT 2014", "note": "note content" }
{ "content": { "key1": "value1", "key2": { "key2.1": "value2.1", "key2.1": "value2.1" }, "key3": "value3" }, "at": "Fri Jul  4 13:27:11 PDT 2014", "note": "note content" } 